#-----------------------------------------------------------
# Vivado v2019.1 (64-bit)
# SW Build 2552052 on Fri May 24 14:49:42 MDT 2019
# IP Build 2548770 on Fri May 24 18:01:18 MDT 2019
# Start of session at: Fri Jun  4 16:50:54 2021
# Process ID: 21472
# Current directory: D:/Curriculum/Lab of Computer Organization/Projects/Lab06/echo
# Command line: vivado.exe -gui_launcher_event rodinguilauncherevent20336 D:\Curriculum\Lab of Computer Organization\Projects\Lab06\echo\echo.xpr
# Log file: D:/Curriculum/Lab of Computer Organization/Projects/Lab06/echo/vivado.log
# Journal file: D:/Curriculum/Lab of Computer Organization/Projects/Lab06/echo\vivado.jou
#-----------------------------------------------------------
start_gui
open_project {D:/Curriculum/Lab of Computer Organization/Projects/Lab06/echo/echo.xpr}
update_compile_order -fileset sources_1
set_property SOURCE_SET sources_1 [get_filesets sim_1]
import_files -fileset sim_1 -norecurse {{D:/Curriculum/Lab of Computer Organization/Projects/attempt/attempt.srcs/sim_1/new/attempt_testbench.v}}
update_compile_order -fileset sim_1
launch_simulation
source echo.tcl
update_compile_order -fileset sim_1
run 500 us
run 500 us
relaunch_sim
run 500 us
close_sim
launch_simulation
source attempt_testbench.tcl
relaunch_sim
